------------------------------------------------------------
Timing Analyzer Summary
------------------------------------------------------------

Type  : Slow 1200mV 85C Model Setup 'Clock'
Slack : -4.514
TNS   : -67.266

Type  : Slow 1200mV 85C Model Setup 'Contador:cont0|JK_FlipFlop:jk1|qsignal'
Slack : -2.003
TNS   : -2.944

Type  : Slow 1200mV 85C Model Setup 'Contador:cont3|JK_FlipFlop:jk2|qsignal'
Slack : -1.823
TNS   : -2.410

Type  : Slow 1200mV 85C Model Setup 'Timing_Reference:freq|tmp'
Slack : -1.810
TNS   : -1.810

Type  : Slow 1200mV 85C Model Setup 'Contador:cont1|JK_FlipFlop:jk1|qsignal'
Slack : -1.772
TNS   : -2.036

Type  : Slow 1200mV 85C Model Setup 'Contador:cont0|JK_FlipFlop:jk2|qsignal'
Slack : -1.669
TNS   : -2.259

Type  : Slow 1200mV 85C Model Setup 'Contador:cont2|JK_FlipFlop:jk1|qsignal'
Slack : -1.604
TNS   : -2.823

Type  : Slow 1200mV 85C Model Setup 'Contador_aux:cont4|JK_FlipFlop:jk1|qsignal'
Slack : -1.560
TNS   : -2.376

Type  : Slow 1200mV 85C Model Setup 'Contador:cont3|JK_FlipFlop:jk1|qsignal'
Slack : -1.507
TNS   : -2.298

Type  : Slow 1200mV 85C Model Setup 'Contador_aux:cont4|JK_FlipFlop:jk0|qsignal'
Slack : -1.504
TNS   : -1.902

Type  : Slow 1200mV 85C Model Setup 'Contador:cont1|JK_FlipFlop:jk0|qsignal'
Slack : -1.442
TNS   : -2.581

Type  : Slow 1200mV 85C Model Setup 'Contador:cont1|JK_FlipFlop:jk2|qsignal'
Slack : -1.344
TNS   : -1.505

Type  : Slow 1200mV 85C Model Setup 'Contador_aux:cont4|JK_FlipFlop:jk2|qsignal'
Slack : -1.333
TNS   : -1.758

Type  : Slow 1200mV 85C Model Setup 'Contador:cont3|JK_FlipFlop:jk0|qsignal'
Slack : -1.322
TNS   : -1.938

Type  : Slow 1200mV 85C Model Setup 'Contador:cont2|JK_FlipFlop:jk0|qsignal'
Slack : -1.319
TNS   : -2.265

Type  : Slow 1200mV 85C Model Setup 'Contador:cont5|JK_FlipFlop:jk2|qsignal'
Slack : -0.880
TNS   : -0.880

Type  : Slow 1200mV 85C Model Setup 'Contador:cont5|JK_FlipFlop:jk1|qsignal'
Slack : -0.789
TNS   : -1.397

Type  : Slow 1200mV 85C Model Setup 'Contador:cont5|JK_FlipFlop:jk0|qsignal'
Slack : -0.782
TNS   : -0.995

Type  : Slow 1200mV 85C Model Setup 'Contador:cont0|JK_FlipFlop:jk0|qsignal'
Slack : -0.698
TNS   : -1.163

Type  : Slow 1200mV 85C Model Setup 'Contador:cont2|JK_FlipFlop:jk2|qsignal'
Slack : -0.692
TNS   : -1.070

Type  : Slow 1200mV 85C Model Setup 'Pause'
Slack : 0.298
TNS   : 0.000

Type  : Slow 1200mV 85C Model Hold 'Contador:cont3|JK_FlipFlop:jk1|qsignal'
Slack : 0.132
TNS   : 0.000

Type  : Slow 1200mV 85C Model Hold 'Contador:cont1|JK_FlipFlop:jk2|qsignal'
Slack : 0.146
TNS   : 0.000

Type  : Slow 1200mV 85C Model Hold 'Contador_aux:cont4|JK_FlipFlop:jk0|qsignal'
Slack : 0.176
TNS   : 0.000

Type  : Slow 1200mV 85C Model Hold 'Contador:cont3|JK_FlipFlop:jk0|qsignal'
Slack : 0.179
TNS   : 0.000

Type  : Slow 1200mV 85C Model Hold 'Contador:cont1|JK_FlipFlop:jk1|qsignal'
Slack : 0.199
TNS   : 0.000

Type  : Slow 1200mV 85C Model Hold 'Contador:cont5|JK_FlipFlop:jk0|qsignal'
Slack : 0.278
TNS   : 0.000

Type  : Slow 1200mV 85C Model Hold 'Contador:cont2|JK_FlipFlop:jk2|qsignal'
Slack : 0.333
TNS   : 0.000

Type  : Slow 1200mV 85C Model Hold 'Contador:cont0|JK_FlipFlop:jk0|qsignal'
Slack : 0.364
TNS   : 0.000

Type  : Slow 1200mV 85C Model Hold 'Contador_aux:cont4|JK_FlipFlop:jk1|qsignal'
Slack : 0.383
TNS   : 0.000

Type  : Slow 1200mV 85C Model Hold 'Contador:cont0|JK_FlipFlop:jk2|qsignal'
Slack : 0.393
TNS   : 0.000

Type  : Slow 1200mV 85C Model Hold 'Contador:cont3|JK_FlipFlop:jk2|qsignal'
Slack : 0.393
TNS   : 0.000

Type  : Slow 1200mV 85C Model Hold 'Contador:cont5|JK_FlipFlop:jk2|qsignal'
Slack : 0.393
TNS   : 0.000

Type  : Slow 1200mV 85C Model Hold 'Contador_aux:cont4|JK_FlipFlop:jk2|qsignal'
Slack : 0.393
TNS   : 0.000

Type  : Slow 1200mV 85C Model Hold 'Pause'
Slack : 0.393
TNS   : 0.000

Type  : Slow 1200mV 85C Model Hold 'Timing_Reference:freq|tmp'
Slack : 0.393
TNS   : 0.000

Type  : Slow 1200mV 85C Model Hold 'Contador:cont0|JK_FlipFlop:jk1|qsignal'
Slack : 0.397
TNS   : 0.000

Type  : Slow 1200mV 85C Model Hold 'Contador:cont2|JK_FlipFlop:jk0|qsignal'
Slack : 0.533
TNS   : 0.000

Type  : Slow 1200mV 85C Model Hold 'Contador:cont1|JK_FlipFlop:jk0|qsignal'
Slack : 0.555
TNS   : 0.000

Type  : Slow 1200mV 85C Model Hold 'Contador:cont5|JK_FlipFlop:jk1|qsignal'
Slack : 0.598
TNS   : 0.000

Type  : Slow 1200mV 85C Model Hold 'Clock'
Slack : 0.646
TNS   : 0.000

Type  : Slow 1200mV 85C Model Hold 'Contador:cont2|JK_FlipFlop:jk1|qsignal'
Slack : 0.734
TNS   : 0.000

Type  : Slow 1200mV 85C Model Recovery 'Contador:cont0|JK_FlipFlop:jk2|qsignal'
Slack : -4.443
TNS   : -9.492

Type  : Slow 1200mV 85C Model Recovery 'Contador:cont1|JK_FlipFlop:jk1|qsignal'
Slack : -3.310
TNS   : -6.263

Type  : Slow 1200mV 85C Model Recovery 'Contador:cont0|JK_FlipFlop:jk1|qsignal'
Slack : -3.218
TNS   : -7.948

Type  : Slow 1200mV 85C Model Recovery 'Contador_aux:cont4|JK_FlipFlop:jk0|qsignal'
Slack : -3.042
TNS   : -6.025

Type  : Slow 1200mV 85C Model Recovery 'Contador:cont0|JK_FlipFlop:jk0|qsignal'
Slack : -3.041
TNS   : -5.210

Type  : Slow 1200mV 85C Model Recovery 'Contador:cont3|JK_FlipFlop:jk2|qsignal'
Slack : -2.912
TNS   : -8.242

Type  : Slow 1200mV 85C Model Recovery 'Timing_Reference:freq|tmp'
Slack : -2.896
TNS   : -2.896

Type  : Slow 1200mV 85C Model Recovery 'Contador:cont1|JK_FlipFlop:jk2|qsignal'
Slack : -2.882
TNS   : -6.804

Type  : Slow 1200mV 85C Model Recovery 'Contador_aux:cont4|JK_FlipFlop:jk2|qsignal'
Slack : -2.871
TNS   : -6.641

Type  : Slow 1200mV 85C Model Recovery 'Contador:cont2|JK_FlipFlop:jk0|qsignal'
Slack : -2.857
TNS   : -7.747

Type  : Slow 1200mV 85C Model Recovery 'Contador:cont1|JK_FlipFlop:jk0|qsignal'
Slack : -2.753
TNS   : -7.355

Type  : Slow 1200mV 85C Model Recovery 'Contador:cont2|JK_FlipFlop:jk1|qsignal'
Slack : -2.690
TNS   : -6.865

Type  : Slow 1200mV 85C Model Recovery 'Contador_aux:cont4|JK_FlipFlop:jk1|qsignal'
Slack : -2.646
TNS   : -5.542

Type  : Slow 1200mV 85C Model Recovery 'Contador:cont3|JK_FlipFlop:jk1|qsignal'
Slack : -2.593
TNS   : -6.622

Type  : Slow 1200mV 85C Model Recovery 'Contador:cont3|JK_FlipFlop:jk0|qsignal'
Slack : -2.408
TNS   : -6.846

Type  : Slow 1200mV 85C Model Recovery 'Contador:cont2|JK_FlipFlop:jk2|qsignal'
Slack : -2.374
TNS   : -6.296

Type  : Slow 1200mV 85C Model Recovery 'Contador:cont5|JK_FlipFlop:jk1|qsignal'
Slack : -2.327
TNS   : -3.460

Type  : Slow 1200mV 85C Model Recovery 'Contador:cont5|JK_FlipFlop:jk2|qsignal'
Slack : -1.966
TNS   : -3.304

Type  : Slow 1200mV 85C Model Recovery 'Contador:cont5|JK_FlipFlop:jk0|qsignal'
Slack : -1.868
TNS   : -3.244

Type  : Slow 1200mV 85C Model Removal 'Contador:cont1|JK_FlipFlop:jk2|qsignal'
Slack : 0.173
TNS   : 0.000

Type  : Slow 1200mV 85C Model Removal 'Contador:cont1|JK_FlipFlop:jk1|qsignal'
Slack : 0.305
TNS   : 0.000

Type  : Slow 1200mV 85C Model Removal 'Contador:cont2|JK_FlipFlop:jk2|qsignal'
Slack : 0.321
TNS   : 0.000

Type  : Slow 1200mV 85C Model Removal 'Contador_aux:cont4|JK_FlipFlop:jk0|qsignal'
Slack : 0.380
TNS   : 0.000

Type  : Slow 1200mV 85C Model Removal 'Contador:cont3|JK_FlipFlop:jk0|qsignal'
Slack : 0.472
TNS   : 0.000

Type  : Slow 1200mV 85C Model Removal 'Contador:cont3|JK_FlipFlop:jk1|qsignal'
Slack : 0.473
TNS   : 0.000

Type  : Slow 1200mV 85C Model Removal 'Contador_aux:cont4|JK_FlipFlop:jk1|qsignal'
Slack : 0.576
TNS   : 0.000

Type  : Slow 1200mV 85C Model Removal 'Contador:cont1|JK_FlipFlop:jk0|qsignal'
Slack : 0.582
TNS   : 0.000

Type  : Slow 1200mV 85C Model Removal 'Contador:cont2|JK_FlipFlop:jk0|qsignal'
Slack : 0.614
TNS   : 0.000

Type  : Slow 1200mV 85C Model Removal 'Contador:cont0|JK_FlipFlop:jk1|qsignal'
Slack : 0.714
TNS   : 0.000

Type  : Slow 1200mV 85C Model Removal 'Contador:cont2|JK_FlipFlop:jk1|qsignal'
Slack : 0.717
TNS   : 0.000

Type  : Slow 1200mV 85C Model Removal 'Contador:cont0|JK_FlipFlop:jk0|qsignal'
Slack : 0.719
TNS   : 0.000

Type  : Slow 1200mV 85C Model Removal 'Contador:cont3|JK_FlipFlop:jk2|qsignal'
Slack : 0.794
TNS   : 0.000

Type  : Slow 1200mV 85C Model Removal 'Contador_aux:cont4|JK_FlipFlop:jk2|qsignal'
Slack : 0.835
TNS   : 0.000

Type  : Slow 1200mV 85C Model Removal 'Contador:cont0|JK_FlipFlop:jk2|qsignal'
Slack : 0.849
TNS   : 0.000

Type  : Slow 1200mV 85C Model Removal 'Contador:cont5|JK_FlipFlop:jk1|qsignal'
Slack : 0.875
TNS   : 0.000

Type  : Slow 1200mV 85C Model Removal 'Contador:cont5|JK_FlipFlop:jk0|qsignal'
Slack : 1.006
TNS   : 0.000

Type  : Slow 1200mV 85C Model Removal 'Contador:cont5|JK_FlipFlop:jk2|qsignal'
Slack : 1.108
TNS   : 0.000

Type  : Slow 1200mV 85C Model Removal 'Timing_Reference:freq|tmp'
Slack : 2.072
TNS   : 0.000

Type  : Slow 1200mV 85C Model Minimum Pulse Width 'Clock'
Slack : -3.000
TNS   : -49.299

Type  : Slow 1200mV 85C Model Minimum Pulse Width 'Pause'
Slack : -3.000
TNS   : -4.403

Type  : Slow 1200mV 85C Model Minimum Pulse Width 'Contador:cont0|JK_FlipFlop:jk1|qsignal'
Slack : -1.403
TNS   : -4.209

Type  : Slow 1200mV 85C Model Minimum Pulse Width 'Contador:cont0|JK_FlipFlop:jk2|qsignal'
Slack : -1.403
TNS   : -4.209

Type  : Slow 1200mV 85C Model Minimum Pulse Width 'Contador:cont1|JK_FlipFlop:jk0|qsignal'
Slack : -1.403
TNS   : -4.209

Type  : Slow 1200mV 85C Model Minimum Pulse Width 'Contador:cont1|JK_FlipFlop:jk1|qsignal'
Slack : -1.403
TNS   : -4.209

Type  : Slow 1200mV 85C Model Minimum Pulse Width 'Contador:cont1|JK_FlipFlop:jk2|qsignal'
Slack : -1.403
TNS   : -4.209

Type  : Slow 1200mV 85C Model Minimum Pulse Width 'Contador:cont2|JK_FlipFlop:jk0|qsignal'
Slack : -1.403
TNS   : -4.209

Type  : Slow 1200mV 85C Model Minimum Pulse Width 'Contador:cont2|JK_FlipFlop:jk1|qsignal'
Slack : -1.403
TNS   : -4.209

Type  : Slow 1200mV 85C Model Minimum Pulse Width 'Contador:cont2|JK_FlipFlop:jk2|qsignal'
Slack : -1.403
TNS   : -4.209

Type  : Slow 1200mV 85C Model Minimum Pulse Width 'Contador:cont3|JK_FlipFlop:jk0|qsignal'
Slack : -1.403
TNS   : -4.209

Type  : Slow 1200mV 85C Model Minimum Pulse Width 'Contador:cont3|JK_FlipFlop:jk1|qsignal'
Slack : -1.403
TNS   : -4.209

Type  : Slow 1200mV 85C Model Minimum Pulse Width 'Contador:cont3|JK_FlipFlop:jk2|qsignal'
Slack : -1.403
TNS   : -4.209

Type  : Slow 1200mV 85C Model Minimum Pulse Width 'Contador_aux:cont4|JK_FlipFlop:jk0|qsignal'
Slack : -1.403
TNS   : -4.209

Type  : Slow 1200mV 85C Model Minimum Pulse Width 'Contador_aux:cont4|JK_FlipFlop:jk1|qsignal'
Slack : -1.403
TNS   : -4.209

Type  : Slow 1200mV 85C Model Minimum Pulse Width 'Contador_aux:cont4|JK_FlipFlop:jk2|qsignal'
Slack : -1.403
TNS   : -4.209

Type  : Slow 1200mV 85C Model Minimum Pulse Width 'Contador:cont0|JK_FlipFlop:jk0|qsignal'
Slack : -1.403
TNS   : -2.806

Type  : Slow 1200mV 85C Model Minimum Pulse Width 'Contador:cont5|JK_FlipFlop:jk0|qsignal'
Slack : -1.403
TNS   : -2.806

Type  : Slow 1200mV 85C Model Minimum Pulse Width 'Contador:cont5|JK_FlipFlop:jk1|qsignal'
Slack : -1.403
TNS   : -2.806

Type  : Slow 1200mV 85C Model Minimum Pulse Width 'Contador:cont5|JK_FlipFlop:jk2|qsignal'
Slack : -1.403
TNS   : -2.806

Type  : Slow 1200mV 85C Model Minimum Pulse Width 'Timing_Reference:freq|tmp'
Slack : -1.403
TNS   : -2.806

Type  : Slow 1200mV 0C Model Setup 'Clock'
Slack : -4.103
TNS   : -57.837

Type  : Slow 1200mV 0C Model Setup 'Contador:cont0|JK_FlipFlop:jk1|qsignal'
Slack : -1.752
TNS   : -2.539

Type  : Slow 1200mV 0C Model Setup 'Timing_Reference:freq|tmp'
Slack : -1.609
TNS   : -1.609

Type  : Slow 1200mV 0C Model Setup 'Contador:cont3|JK_FlipFlop:jk2|qsignal'
Slack : -1.569
TNS   : -2.040

Type  : Slow 1200mV 0C Model Setup 'Contador:cont1|JK_FlipFlop:jk1|qsignal'
Slack : -1.551
TNS   : -1.729

Type  : Slow 1200mV 0C Model Setup 'Contador:cont0|JK_FlipFlop:jk2|qsignal'
Slack : -1.448
TNS   : -1.929

Type  : Slow 1200mV 0C Model Setup 'Contador:cont2|JK_FlipFlop:jk1|qsignal'
Slack : -1.378
TNS   : -2.415

Type  : Slow 1200mV 0C Model Setup 'Contador_aux:cont4|JK_FlipFlop:jk1|qsignal'
Slack : -1.347
TNS   : -2.000

Type  : Slow 1200mV 0C Model Setup 'Contador_aux:cont4|JK_FlipFlop:jk0|qsignal'
Slack : -1.287
TNS   : -1.548

Type  : Slow 1200mV 0C Model Setup 'Contador:cont3|JK_FlipFlop:jk1|qsignal'
Slack : -1.281
TNS   : -1.898

Type  : Slow 1200mV 0C Model Setup 'Contador:cont1|JK_FlipFlop:jk0|qsignal'
Slack : -1.256
TNS   : -2.200

Type  : Slow 1200mV 0C Model Setup 'Contador_aux:cont4|JK_FlipFlop:jk2|qsignal'
Slack : -1.142
TNS   : -1.470

Type  : Slow 1200mV 0C Model Setup 'Contador:cont1|JK_FlipFlop:jk2|qsignal'
Slack : -1.140
TNS   : -1.207

Type  : Slow 1200mV 0C Model Setup 'Contador:cont2|JK_FlipFlop:jk0|qsignal'
Slack : -1.129
TNS   : -1.900

Type  : Slow 1200mV 0C Model Setup 'Contador:cont3|JK_FlipFlop:jk0|qsignal'
Slack : -1.125
TNS   : -1.585

Type  : Slow 1200mV 0C Model Setup 'Contador:cont5|JK_FlipFlop:jk2|qsignal'
Slack : -0.715
TNS   : -0.715

Type  : Slow 1200mV 0C Model Setup 'Contador:cont5|JK_FlipFlop:jk0|qsignal'
Slack : -0.636
TNS   : -0.814

Type  : Slow 1200mV 0C Model Setup 'Contador:cont0|JK_FlipFlop:jk0|qsignal'
Slack : -0.628
TNS   : -0.989

Type  : Slow 1200mV 0C Model Setup 'Contador:cont5|JK_FlipFlop:jk1|qsignal'
Slack : -0.621
TNS   : -1.144

Type  : Slow 1200mV 0C Model Setup 'Contador:cont2|JK_FlipFlop:jk2|qsignal'
Slack : -0.551
TNS   : -0.824

Type  : Slow 1200mV 0C Model Setup 'Pause'
Slack : 0.361
TNS   : 0.000

Type  : Slow 1200mV 0C Model Hold 'Contador:cont3|JK_FlipFlop:jk1|qsignal'
Slack : 0.094
TNS   : 0.000

Type  : Slow 1200mV 0C Model Hold 'Contador:cont1|JK_FlipFlop:jk2|qsignal'
Slack : 0.097
TNS   : 0.000

Type  : Slow 1200mV 0C Model Hold 'Contador:cont3|JK_FlipFlop:jk0|qsignal'
Slack : 0.112
TNS   : 0.000

Type  : Slow 1200mV 0C Model Hold 'Contador_aux:cont4|JK_FlipFlop:jk0|qsignal'
Slack : 0.120
TNS   : 0.000

Type  : Slow 1200mV 0C Model Hold 'Contador:cont1|JK_FlipFlop:jk1|qsignal'
Slack : 0.158
TNS   : 0.000

Type  : Slow 1200mV 0C Model Hold 'Contador:cont2|JK_FlipFlop:jk2|qsignal'
Slack : 0.268
TNS   : 0.000

Type  : Slow 1200mV 0C Model Hold 'Contador:cont5|JK_FlipFlop:jk0|qsignal'
Slack : 0.277
TNS   : 0.000

Type  : Slow 1200mV 0C Model Hold 'Contador:cont0|JK_FlipFlop:jk0|qsignal'
Slack : 0.302
TNS   : 0.000

Type  : Slow 1200mV 0C Model Hold 'Contador_aux:cont4|JK_FlipFlop:jk1|qsignal'
Slack : 0.328
TNS   : 0.000

Type  : Slow 1200mV 0C Model Hold 'Contador:cont0|JK_FlipFlop:jk2|qsignal'
Slack : 0.354
TNS   : 0.000

Type  : Slow 1200mV 0C Model Hold 'Contador:cont3|JK_FlipFlop:jk2|qsignal'
Slack : 0.354
TNS   : 0.000

Type  : Slow 1200mV 0C Model Hold 'Contador:cont5|JK_FlipFlop:jk2|qsignal'
Slack : 0.354
TNS   : 0.000

Type  : Slow 1200mV 0C Model Hold 'Contador_aux:cont4|JK_FlipFlop:jk2|qsignal'
Slack : 0.354
TNS   : 0.000

Type  : Slow 1200mV 0C Model Hold 'Pause'
Slack : 0.354
TNS   : 0.000

Type  : Slow 1200mV 0C Model Hold 'Timing_Reference:freq|tmp'
Slack : 0.354
TNS   : 0.000

Type  : Slow 1200mV 0C Model Hold 'Contador:cont0|JK_FlipFlop:jk1|qsignal'
Slack : 0.356
TNS   : 0.000

Type  : Slow 1200mV 0C Model Hold 'Contador:cont5|JK_FlipFlop:jk1|qsignal'
Slack : 0.453
TNS   : 0.000

Type  : Slow 1200mV 0C Model Hold 'Contador:cont1|JK_FlipFlop:jk0|qsignal'
Slack : 0.487
TNS   : 0.000

Type  : Slow 1200mV 0C Model Hold 'Contador:cont2|JK_FlipFlop:jk0|qsignal'
Slack : 0.512
TNS   : 0.000

Type  : Slow 1200mV 0C Model Hold 'Clock'
Slack : 0.598
TNS   : 0.000

Type  : Slow 1200mV 0C Model Hold 'Contador:cont2|JK_FlipFlop:jk1|qsignal'
Slack : 0.666
TNS   : 0.000

Type  : Slow 1200mV 0C Model Recovery 'Contador:cont0|JK_FlipFlop:jk2|qsignal'
Slack : -3.960
TNS   : -8.339

Type  : Slow 1200mV 0C Model Recovery 'Contador:cont1|JK_FlipFlop:jk1|qsignal'
Slack : -2.905
TNS   : -5.408

Type  : Slow 1200mV 0C Model Recovery 'Contador:cont0|JK_FlipFlop:jk1|qsignal'
Slack : -2.864
TNS   : -6.923

Type  : Slow 1200mV 0C Model Recovery 'Contador:cont0|JK_FlipFlop:jk0|qsignal'
Slack : -2.718
TNS   : -4.600

Type  : Slow 1200mV 0C Model Recovery 'Contador_aux:cont4|JK_FlipFlop:jk0|qsignal'
Slack : -2.641
TNS   : -5.193

Type  : Slow 1200mV 0C Model Recovery 'Contador:cont3|JK_FlipFlop:jk2|qsignal'
Slack : -2.560
TNS   : -7.185

Type  : Slow 1200mV 0C Model Recovery 'Timing_Reference:freq|tmp'
Slack : -2.538
TNS   : -2.538

Type  : Slow 1200mV 0C Model Recovery 'Contador_aux:cont4|JK_FlipFlop:jk2|qsignal'
Slack : -2.496
TNS   : -5.725

Type  : Slow 1200mV 0C Model Recovery 'Contador:cont1|JK_FlipFlop:jk2|qsignal'
Slack : -2.494
TNS   : -5.887

Type  : Slow 1200mV 0C Model Recovery 'Contador:cont2|JK_FlipFlop:jk0|qsignal'
Slack : -2.483
TNS   : -6.758

Type  : Slow 1200mV 0C Model Recovery 'Contador:cont1|JK_FlipFlop:jk0|qsignal'
Slack : -2.417
TNS   : -6.402

Type  : Slow 1200mV 0C Model Recovery 'Contador:cont2|JK_FlipFlop:jk1|qsignal'
Slack : -2.307
TNS   : -5.908

Type  : Slow 1200mV 0C Model Recovery 'Contador_aux:cont4|JK_FlipFlop:jk1|qsignal'
Slack : -2.276
TNS   : -4.712

Type  : Slow 1200mV 0C Model Recovery 'Contador:cont3|JK_FlipFlop:jk1|qsignal'
Slack : -2.210
TNS   : -5.677

Type  : Slow 1200mV 0C Model Recovery 'Contador:cont2|JK_FlipFlop:jk2|qsignal'
Slack : -2.079
TNS   : -5.398

Type  : Slow 1200mV 0C Model Recovery 'Contador:cont3|JK_FlipFlop:jk0|qsignal'
Slack : -2.054
TNS   : -5.929

Type  : Slow 1200mV 0C Model Recovery 'Contador:cont5|JK_FlipFlop:jk1|qsignal'
Slack : -1.975
TNS   : -2.932

Type  : Slow 1200mV 0C Model Recovery 'Contador:cont5|JK_FlipFlop:jk2|qsignal'
Slack : -1.644
TNS   : -2.774

Type  : Slow 1200mV 0C Model Recovery 'Contador:cont5|JK_FlipFlop:jk0|qsignal'
Slack : -1.565
TNS   : -2.726

Type  : Slow 1200mV 0C Model Removal 'Contador:cont1|JK_FlipFlop:jk2|qsignal'
Slack : 0.101
TNS   : 0.000

Type  : Slow 1200mV 0C Model Removal 'Contador:cont1|JK_FlipFlop:jk1|qsignal'
Slack : 0.231
TNS   : 0.000

Type  : Slow 1200mV 0C Model Removal 'Contador:cont2|JK_FlipFlop:jk2|qsignal'
Slack : 0.246
TNS   : 0.000

Type  : Slow 1200mV 0C Model Removal 'Contador_aux:cont4|JK_FlipFlop:jk0|qsignal'
Slack : 0.282
TNS   : 0.000

Type  : Slow 1200mV 0C Model Removal 'Contador:cont3|JK_FlipFlop:jk0|qsignal'
Slack : 0.396
TNS   : 0.000

Type  : Slow 1200mV 0C Model Removal 'Contador:cont3|JK_FlipFlop:jk1|qsignal'
Slack : 0.400
TNS   : 0.000

Type  : Slow 1200mV 0C Model Removal 'Contador:cont1|JK_FlipFlop:jk0|qsignal'
Slack : 0.491
TNS   : 0.000

Type  : Slow 1200mV 0C Model Removal 'Contador_aux:cont4|JK_FlipFlop:jk1|qsignal'
Slack : 0.521
TNS   : 0.000

Type  : Slow 1200mV 0C Model Removal 'Contador:cont2|JK_FlipFlop:jk0|qsignal'
Slack : 0.530
TNS   : 0.000

Type  : Slow 1200mV 0C Model Removal 'Contador:cont0|JK_FlipFlop:jk0|qsignal'
Slack : 0.609
TNS   : 0.000

Type  : Slow 1200mV 0C Model Removal 'Contador:cont2|JK_FlipFlop:jk1|qsignal'
Slack : 0.639
TNS   : 0.000

Type  : Slow 1200mV 0C Model Removal 'Contador:cont0|JK_FlipFlop:jk1|qsignal'
Slack : 0.647
TNS   : 0.000

Type  : Slow 1200mV 0C Model Removal 'Contador:cont3|JK_FlipFlop:jk2|qsignal'
Slack : 0.704
TNS   : 0.000

Type  : Slow 1200mV 0C Model Removal 'Contador:cont5|JK_FlipFlop:jk1|qsignal'
Slack : 0.722
TNS   : 0.000

Type  : Slow 1200mV 0C Model Removal 'Contador:cont0|JK_FlipFlop:jk2|qsignal'
Slack : 0.734
TNS   : 0.000

Type  : Slow 1200mV 0C Model Removal 'Contador_aux:cont4|JK_FlipFlop:jk2|qsignal'
Slack : 0.756
TNS   : 0.000

Type  : Slow 1200mV 0C Model Removal 'Contador:cont5|JK_FlipFlop:jk0|qsignal'
Slack : 0.893
TNS   : 0.000

Type  : Slow 1200mV 0C Model Removal 'Contador:cont5|JK_FlipFlop:jk2|qsignal'
Slack : 0.976
TNS   : 0.000

Type  : Slow 1200mV 0C Model Removal 'Timing_Reference:freq|tmp'
Slack : 1.902
TNS   : 0.000

Type  : Slow 1200mV 0C Model Minimum Pulse Width 'Clock'
Slack : -3.000
TNS   : -49.299

Type  : Slow 1200mV 0C Model Minimum Pulse Width 'Pause'
Slack : -3.000
TNS   : -4.403

Type  : Slow 1200mV 0C Model Minimum Pulse Width 'Contador:cont0|JK_FlipFlop:jk1|qsignal'
Slack : -1.403
TNS   : -4.209

Type  : Slow 1200mV 0C Model Minimum Pulse Width 'Contador:cont0|JK_FlipFlop:jk2|qsignal'
Slack : -1.403
TNS   : -4.209

Type  : Slow 1200mV 0C Model Minimum Pulse Width 'Contador:cont1|JK_FlipFlop:jk0|qsignal'
Slack : -1.403
TNS   : -4.209

Type  : Slow 1200mV 0C Model Minimum Pulse Width 'Contador:cont1|JK_FlipFlop:jk1|qsignal'
Slack : -1.403
TNS   : -4.209

Type  : Slow 1200mV 0C Model Minimum Pulse Width 'Contador:cont1|JK_FlipFlop:jk2|qsignal'
Slack : -1.403
TNS   : -4.209

Type  : Slow 1200mV 0C Model Minimum Pulse Width 'Contador:cont2|JK_FlipFlop:jk0|qsignal'
Slack : -1.403
TNS   : -4.209

Type  : Slow 1200mV 0C Model Minimum Pulse Width 'Contador:cont2|JK_FlipFlop:jk1|qsignal'
Slack : -1.403
TNS   : -4.209

Type  : Slow 1200mV 0C Model Minimum Pulse Width 'Contador:cont2|JK_FlipFlop:jk2|qsignal'
Slack : -1.403
TNS   : -4.209

Type  : Slow 1200mV 0C Model Minimum Pulse Width 'Contador:cont3|JK_FlipFlop:jk0|qsignal'
Slack : -1.403
TNS   : -4.209

Type  : Slow 1200mV 0C Model Minimum Pulse Width 'Contador:cont3|JK_FlipFlop:jk1|qsignal'
Slack : -1.403
TNS   : -4.209

Type  : Slow 1200mV 0C Model Minimum Pulse Width 'Contador:cont3|JK_FlipFlop:jk2|qsignal'
Slack : -1.403
TNS   : -4.209

Type  : Slow 1200mV 0C Model Minimum Pulse Width 'Contador_aux:cont4|JK_FlipFlop:jk0|qsignal'
Slack : -1.403
TNS   : -4.209

Type  : Slow 1200mV 0C Model Minimum Pulse Width 'Contador_aux:cont4|JK_FlipFlop:jk1|qsignal'
Slack : -1.403
TNS   : -4.209

Type  : Slow 1200mV 0C Model Minimum Pulse Width 'Contador_aux:cont4|JK_FlipFlop:jk2|qsignal'
Slack : -1.403
TNS   : -4.209

Type  : Slow 1200mV 0C Model Minimum Pulse Width 'Contador:cont0|JK_FlipFlop:jk0|qsignal'
Slack : -1.403
TNS   : -2.806

Type  : Slow 1200mV 0C Model Minimum Pulse Width 'Contador:cont5|JK_FlipFlop:jk0|qsignal'
Slack : -1.403
TNS   : -2.806

Type  : Slow 1200mV 0C Model Minimum Pulse Width 'Contador:cont5|JK_FlipFlop:jk1|qsignal'
Slack : -1.403
TNS   : -2.806

Type  : Slow 1200mV 0C Model Minimum Pulse Width 'Contador:cont5|JK_FlipFlop:jk2|qsignal'
Slack : -1.403
TNS   : -2.806

Type  : Slow 1200mV 0C Model Minimum Pulse Width 'Timing_Reference:freq|tmp'
Slack : -1.403
TNS   : -2.806

Type  : Fast 1200mV 0C Model Setup 'Clock'
Slack : -1.429
TNS   : -8.465

Type  : Fast 1200mV 0C Model Setup 'Contador:cont0|JK_FlipFlop:jk1|qsignal'
Slack : -0.749
TNS   : -0.749

Type  : Fast 1200mV 0C Model Setup 'Contador:cont3|JK_FlipFlop:jk2|qsignal'
Slack : -0.639
TNS   : -0.639

Type  : Fast 1200mV 0C Model Setup 'Contador:cont1|JK_FlipFlop:jk1|qsignal'
Slack : -0.629
TNS   : -0.629

Type  : Fast 1200mV 0C Model Setup 'Timing_Reference:freq|tmp'
Slack : -0.610
TNS   : -0.610

Type  : Fast 1200mV 0C Model Setup 'Contador:cont0|JK_FlipFlop:jk2|qsignal'
Slack : -0.601
TNS   : -0.601

Type  : Fast 1200mV 0C Model Setup 'Contador:cont2|JK_FlipFlop:jk1|qsignal'
Slack : -0.590
TNS   : -0.632

Type  : Fast 1200mV 0C Model Setup 'Contador_aux:cont4|JK_FlipFlop:jk0|qsignal'
Slack : -0.522
TNS   : -0.522

Type  : Fast 1200mV 0C Model Setup 'Contador_aux:cont4|JK_FlipFlop:jk1|qsignal'
Slack : -0.506
TNS   : -0.506

Type  : Fast 1200mV 0C Model Setup 'Contador:cont3|JK_FlipFlop:jk1|qsignal'
Slack : -0.505
TNS   : -0.505

Type  : Fast 1200mV 0C Model Setup 'Contador:cont1|JK_FlipFlop:jk2|qsignal'
Slack : -0.474
TNS   : -0.474

Type  : Fast 1200mV 0C Model Setup 'Contador:cont1|JK_FlipFlop:jk0|qsignal'
Slack : -0.460
TNS   : -0.460

Type  : Fast 1200mV 0C Model Setup 'Contador_aux:cont4|JK_FlipFlop:jk2|qsignal'
Slack : -0.453
TNS   : -0.453

Type  : Fast 1200mV 0C Model Setup 'Contador:cont2|JK_FlipFlop:jk0|qsignal'
Slack : -0.452
TNS   : -0.494

Type  : Fast 1200mV 0C Model Setup 'Contador:cont3|JK_FlipFlop:jk0|qsignal'
Slack : -0.397
TNS   : -0.397

Type  : Fast 1200mV 0C Model Setup 'Contador:cont5|JK_FlipFlop:jk2|qsignal'
Slack : -0.254
TNS   : -0.254

Type  : Fast 1200mV 0C Model Setup 'Contador:cont5|JK_FlipFlop:jk1|qsignal'
Slack : -0.240
TNS   : -0.240

Type  : Fast 1200mV 0C Model Setup 'Contador:cont5|JK_FlipFlop:jk0|qsignal'
Slack : -0.186
TNS   : -0.186

Type  : Fast 1200mV 0C Model Setup 'Contador:cont2|JK_FlipFlop:jk2|qsignal'
Slack : -0.089
TNS   : -0.089

Type  : Fast 1200mV 0C Model Setup 'Contador:cont0|JK_FlipFlop:jk0|qsignal'
Slack : 0.070
TNS   : 0.000

Type  : Fast 1200mV 0C Model Setup 'Pause'
Slack : 0.693
TNS   : 0.000

Type  : Fast 1200mV 0C Model Hold 'Contador:cont1|JK_FlipFlop:jk1|qsignal'
Slack : -0.006
TNS   : -0.006

Type  : Fast 1200mV 0C Model Hold 'Contador:cont3|JK_FlipFlop:jk1|qsignal'
Slack : 0.031
TNS   : 0.000

Type  : Fast 1200mV 0C Model Hold 'Contador:cont5|JK_FlipFlop:jk0|qsignal'
Slack : 0.043
TNS   : 0.000

Type  : Fast 1200mV 0C Model Hold 'Contador:cont3|JK_FlipFlop:jk0|qsignal'
Slack : 0.078
TNS   : 0.000

Type  : Fast 1200mV 0C Model Hold 'Contador_aux:cont4|JK_FlipFlop:jk0|qsignal'
Slack : 0.094
TNS   : 0.000

Type  : Fast 1200mV 0C Model Hold 'Contador:cont1|JK_FlipFlop:jk2|qsignal'
Slack : 0.105
TNS   : 0.000

Type  : Fast 1200mV 0C Model Hold 'Contador:cont2|JK_FlipFlop:jk0|qsignal'
Slack : 0.144
TNS   : 0.000

Type  : Fast 1200mV 0C Model Hold 'Contador:cont0|JK_FlipFlop:jk1|qsignal'
Slack : 0.145
TNS   : 0.000

Type  : Fast 1200mV 0C Model Hold 'Contador_aux:cont4|JK_FlipFlop:jk1|qsignal'
Slack : 0.156
TNS   : 0.000

Type  : Fast 1200mV 0C Model Hold 'Contador:cont0|JK_FlipFlop:jk2|qsignal'
Slack : 0.169
TNS   : 0.000

Type  : Fast 1200mV 0C Model Hold 'Contador:cont2|JK_FlipFlop:jk2|qsignal'
Slack : 0.169
TNS   : 0.000

Type  : Fast 1200mV 0C Model Hold 'Contador:cont3|JK_FlipFlop:jk2|qsignal'
Slack : 0.169
TNS   : 0.000

Type  : Fast 1200mV 0C Model Hold 'Contador:cont5|JK_FlipFlop:jk2|qsignal'
Slack : 0.169
TNS   : 0.000

Type  : Fast 1200mV 0C Model Hold 'Contador_aux:cont4|JK_FlipFlop:jk2|qsignal'
Slack : 0.169
TNS   : 0.000

Type  : Fast 1200mV 0C Model Hold 'Pause'
Slack : 0.169
TNS   : 0.000

Type  : Fast 1200mV 0C Model Hold 'Timing_Reference:freq|tmp'
Slack : 0.169
TNS   : 0.000

Type  : Fast 1200mV 0C Model Hold 'Contador:cont0|JK_FlipFlop:jk0|qsignal'
Slack : 0.172
TNS   : 0.000

Type  : Fast 1200mV 0C Model Hold 'Contador:cont2|JK_FlipFlop:jk1|qsignal'
Slack : 0.218
TNS   : 0.000

Type  : Fast 1200mV 0C Model Hold 'Contador:cont1|JK_FlipFlop:jk0|qsignal'
Slack : 0.228
TNS   : 0.000

Type  : Fast 1200mV 0C Model Hold 'Clock'
Slack : 0.250
TNS   : 0.000

Type  : Fast 1200mV 0C Model Hold 'Contador:cont5|JK_FlipFlop:jk1|qsignal'
Slack : 0.254
TNS   : 0.000

Type  : Fast 1200mV 0C Model Recovery 'Contador:cont0|JK_FlipFlop:jk2|qsignal'
Slack : -1.421
TNS   : -2.967

Type  : Fast 1200mV 0C Model Recovery 'Contador:cont1|JK_FlipFlop:jk1|qsignal'
Slack : -1.331
TNS   : -1.471

Type  : Fast 1200mV 0C Model Recovery 'Contador_aux:cont4|JK_FlipFlop:jk0|qsignal'
Slack : -1.224
TNS   : -1.760

Type  : Fast 1200mV 0C Model Recovery 'Contador:cont1|JK_FlipFlop:jk2|qsignal'
Slack : -1.176
TNS   : -2.053

Type  : Fast 1200mV 0C Model Recovery 'Contador_aux:cont4|JK_FlipFlop:jk2|qsignal'
Slack : -1.155
TNS   : -1.842

Type  : Fast 1200mV 0C Model Recovery 'Contador:cont2|JK_FlipFlop:jk0|qsignal'
Slack : -1.154
TNS   : -2.451

Type  : Fast 1200mV 0C Model Recovery 'Contador:cont0|JK_FlipFlop:jk1|qsignal'
Slack : -0.947
TNS   : -1.932

Type  : Fast 1200mV 0C Model Recovery 'Contador:cont5|JK_FlipFlop:jk1|qsignal'
Slack : -0.942
TNS   : -0.964

Type  : Fast 1200mV 0C Model Recovery 'Contador:cont3|JK_FlipFlop:jk2|qsignal'
Slack : -0.837
TNS   : -2.343

Type  : Fast 1200mV 0C Model Recovery 'Timing_Reference:freq|tmp'
Slack : -0.808
TNS   : -0.808

Type  : Fast 1200mV 0C Model Recovery 'Contador:cont2|JK_FlipFlop:jk1|qsignal'
Slack : -0.788
TNS   : -1.468

Type  : Fast 1200mV 0C Model Recovery 'Contador:cont0|JK_FlipFlop:jk0|qsignal'
Slack : -0.728
TNS   : -1.441

Type  : Fast 1200mV 0C Model Recovery 'Contador:cont3|JK_FlipFlop:jk0|qsignal'
Slack : -0.704
TNS   : -1.701

Type  : Fast 1200mV 0C Model Recovery 'Contador_aux:cont4|JK_FlipFlop:jk1|qsignal'
Slack : -0.704
TNS   : -1.086

Type  : Fast 1200mV 0C Model Recovery 'Contador:cont3|JK_FlipFlop:jk1|qsignal'
Slack : -0.703
TNS   : -1.337

Type  : Fast 1200mV 0C Model Recovery 'Contador:cont2|JK_FlipFlop:jk2|qsignal'
Slack : -0.700
TNS   : -1.432

Type  : Fast 1200mV 0C Model Recovery 'Contador:cont1|JK_FlipFlop:jk0|qsignal'
Slack : -0.658
TNS   : -1.923

Type  : Fast 1200mV 0C Model Recovery 'Contador:cont5|JK_FlipFlop:jk2|qsignal'
Slack : -0.452
TNS   : -0.583

Type  : Fast 1200mV 0C Model Recovery 'Contador:cont5|JK_FlipFlop:jk0|qsignal'
Slack : -0.384
TNS   : -0.523

Type  : Fast 1200mV 0C Model Removal 'Contador:cont1|JK_FlipFlop:jk2|qsignal'
Slack : 0.092
TNS   : 0.000

Type  : Fast 1200mV 0C Model Removal 'Contador:cont1|JK_FlipFlop:jk1|qsignal'
Slack : 0.129
TNS   : 0.000

Type  : Fast 1200mV 0C Model Removal 'Contador:cont2|JK_FlipFlop:jk2|qsignal'
Slack : 0.145
TNS   : 0.000

Type  : Fast 1200mV 0C Model Removal 'Contador_aux:cont4|JK_FlipFlop:jk0|qsignal'
Slack : 0.194
TNS   : 0.000

Type  : Fast 1200mV 0C Model Removal 'Contador_aux:cont4|JK_FlipFlop:jk1|qsignal'
Slack : 0.232
TNS   : 0.000

Type  : Fast 1200mV 0C Model Removal 'Contador:cont3|JK_FlipFlop:jk0|qsignal'
Slack : 0.240
TNS   : 0.000

Type  : Fast 1200mV 0C Model Removal 'Contador:cont3|JK_FlipFlop:jk1|qsignal'
Slack : 0.245
TNS   : 0.000

Type  : Fast 1200mV 0C Model Removal 'Contador:cont1|JK_FlipFlop:jk0|qsignal'
Slack : 0.249
TNS   : 0.000

Type  : Fast 1200mV 0C Model Removal 'Contador:cont2|JK_FlipFlop:jk0|qsignal'
Slack : 0.264
TNS   : 0.000

Type  : Fast 1200mV 0C Model Removal 'Contador:cont2|JK_FlipFlop:jk1|qsignal'
Slack : 0.289
TNS   : 0.000

Type  : Fast 1200mV 0C Model Removal 'Contador:cont0|JK_FlipFlop:jk1|qsignal'
Slack : 0.295
TNS   : 0.000

Type  : Fast 1200mV 0C Model Removal 'Contador:cont0|JK_FlipFlop:jk0|qsignal'
Slack : 0.337
TNS   : 0.000

Type  : Fast 1200mV 0C Model Removal 'Contador_aux:cont4|JK_FlipFlop:jk2|qsignal'
Slack : 0.345
TNS   : 0.000

Type  : Fast 1200mV 0C Model Removal 'Contador:cont5|JK_FlipFlop:jk1|qsignal'
Slack : 0.351
TNS   : 0.000

Type  : Fast 1200mV 0C Model Removal 'Contador:cont3|JK_FlipFlop:jk2|qsignal'
Slack : 0.361
TNS   : 0.000

Type  : Fast 1200mV 0C Model Removal 'Contador:cont0|JK_FlipFlop:jk2|qsignal'
Slack : 0.374
TNS   : 0.000

Type  : Fast 1200mV 0C Model Removal 'Contador:cont5|JK_FlipFlop:jk0|qsignal'
Slack : 0.435
TNS   : 0.000

Type  : Fast 1200mV 0C Model Removal 'Contador:cont5|JK_FlipFlop:jk2|qsignal'
Slack : 0.463
TNS   : 0.000

Type  : Fast 1200mV 0C Model Removal 'Timing_Reference:freq|tmp'
Slack : 0.952
TNS   : 0.000

Type  : Fast 1200mV 0C Model Minimum Pulse Width 'Clock'
Slack : -3.000
TNS   : -37.122

Type  : Fast 1200mV 0C Model Minimum Pulse Width 'Pause'
Slack : -3.000
TNS   : -4.134

Type  : Fast 1200mV 0C Model Minimum Pulse Width 'Contador:cont0|JK_FlipFlop:jk1|qsignal'
Slack : -1.000
TNS   : -3.000

Type  : Fast 1200mV 0C Model Minimum Pulse Width 'Contador:cont0|JK_FlipFlop:jk2|qsignal'
Slack : -1.000
TNS   : -3.000

Type  : Fast 1200mV 0C Model Minimum Pulse Width 'Contador:cont1|JK_FlipFlop:jk0|qsignal'
Slack : -1.000
TNS   : -3.000

Type  : Fast 1200mV 0C Model Minimum Pulse Width 'Contador:cont1|JK_FlipFlop:jk1|qsignal'
Slack : -1.000
TNS   : -3.000

Type  : Fast 1200mV 0C Model Minimum Pulse Width 'Contador:cont1|JK_FlipFlop:jk2|qsignal'
Slack : -1.000
TNS   : -3.000

Type  : Fast 1200mV 0C Model Minimum Pulse Width 'Contador:cont2|JK_FlipFlop:jk0|qsignal'
Slack : -1.000
TNS   : -3.000

Type  : Fast 1200mV 0C Model Minimum Pulse Width 'Contador:cont2|JK_FlipFlop:jk1|qsignal'
Slack : -1.000
TNS   : -3.000

Type  : Fast 1200mV 0C Model Minimum Pulse Width 'Contador:cont2|JK_FlipFlop:jk2|qsignal'
Slack : -1.000
TNS   : -3.000

Type  : Fast 1200mV 0C Model Minimum Pulse Width 'Contador:cont3|JK_FlipFlop:jk0|qsignal'
Slack : -1.000
TNS   : -3.000

Type  : Fast 1200mV 0C Model Minimum Pulse Width 'Contador:cont3|JK_FlipFlop:jk1|qsignal'
Slack : -1.000
TNS   : -3.000

Type  : Fast 1200mV 0C Model Minimum Pulse Width 'Contador:cont3|JK_FlipFlop:jk2|qsignal'
Slack : -1.000
TNS   : -3.000

Type  : Fast 1200mV 0C Model Minimum Pulse Width 'Contador_aux:cont4|JK_FlipFlop:jk0|qsignal'
Slack : -1.000
TNS   : -3.000

Type  : Fast 1200mV 0C Model Minimum Pulse Width 'Contador_aux:cont4|JK_FlipFlop:jk1|qsignal'
Slack : -1.000
TNS   : -3.000

Type  : Fast 1200mV 0C Model Minimum Pulse Width 'Contador_aux:cont4|JK_FlipFlop:jk2|qsignal'
Slack : -1.000
TNS   : -3.000

Type  : Fast 1200mV 0C Model Minimum Pulse Width 'Contador:cont0|JK_FlipFlop:jk0|qsignal'
Slack : -1.000
TNS   : -2.000

Type  : Fast 1200mV 0C Model Minimum Pulse Width 'Contador:cont5|JK_FlipFlop:jk0|qsignal'
Slack : -1.000
TNS   : -2.000

Type  : Fast 1200mV 0C Model Minimum Pulse Width 'Contador:cont5|JK_FlipFlop:jk1|qsignal'
Slack : -1.000
TNS   : -2.000

Type  : Fast 1200mV 0C Model Minimum Pulse Width 'Contador:cont5|JK_FlipFlop:jk2|qsignal'
Slack : -1.000
TNS   : -2.000

Type  : Fast 1200mV 0C Model Minimum Pulse Width 'Timing_Reference:freq|tmp'
Slack : -1.000
TNS   : -2.000

------------------------------------------------------------
